%!Adobe-FontList 1.13
%Locale:0x409

%BeginFont
Handler:DirectoryHandler
FontType:Type1
FontName:MinionPro-Bold
FamilyName:Minion Pro
StyleName:Bold
MenuName:Minion Pro
StyleBits:2
WeightClass:700
WidthClass:5
AngleClass:0
FullName:Minion Pro Bold
WritingScript:Roman
OutlineFileName:\MinionPro-Bold.otf
DataFormat:sfntData
UsesStandardEncoding:yes
isCFF:yes
FileLength:230912
FileModTime:1313947662
DesignSize:110
%EndFont

%BeginFont
Handler:DirectoryHandler
FontType:Type1
FontName:MinionPro-BoldIt
FamilyName:Minion Pro
StyleName:Bold Italic
MenuName:Minion Pro
StyleBits:3
WeightClass:700
WidthClass:5
AngleClass:1
FullName:Minion Pro Bold Italic
WritingScript:Roman
OutlineFileName:\MinionPro-BoldIt.otf
DataFormat:sfntData
UsesStandardEncoding:yes
isCFF:yes
FileLength:276632
FileModTime:1313947663
DesignSize:110
%EndFont

%BeginFont
Handler:DirectoryHandler
FontType:Type1
FontName:MinionPro-It
FamilyName:Minion Pro
StyleName:Italic
MenuName:Minion Pro
StyleBits:1
WeightClass:400
WidthClass:5
AngleClass:1
FullName:Minion Pro Italic
WritingScript:Roman
OutlineFileName:\MinionPro-It.otf
DataFormat:sfntData
UsesStandardEncoding:yes
isCFF:yes
FileLength:276140
FileModTime:1313947663
DesignSize:110
%EndFont

%BeginFont
Handler:DirectoryHandler
FontType:Type1
FontName:MinionPro-Regular
FamilyName:Minion Pro
StyleName:Regular
MenuName:Minion Pro
StyleBits:0
WeightClass:400
WidthClass:5
AngleClass:0
FullName:Minion Pro
WritingScript:Roman
OutlineFileName:\MinionPro-Regular.otf
DataFormat:sfntData
UsesStandardEncoding:yes
isCFF:yes
FileLength:231312
FileModTime:1313947663
DesignSize:110
%EndFont

%BeginFont
Handler:DirectoryHandler
FontType:TrueType
FontName:AmazoneBT
FamilyName:Amazone
StyleName: BT
MenuName:Amazone
StyleBits:0
WeightClass:400
WidthClass:5
AngleClass:0
FullName:Amazone  BT
WritingScript:Roman
OutlineFileName:\PressWriter.suit
DataFormat:sfntResource
ResourceID:2786
FileLength:5884953
FileModTime:970559346
%EndFont

%BeginFont
Handler:DirectoryHandler
FontType:TrueType
FontName:AmericanaBoldBT
FamilyName:Americana
StyleName: Bold BT
MenuName:Americana
StyleBits:0
WeightClass:400
WidthClass:5
AngleClass:0
FullName:Americana  Bold BT
WritingScript:Roman
OutlineFileName:\PressWriter.suit
DataFormat:sfntResource
ResourceID:2381
FileLength:5884953
FileModTime:970559346
%EndFont

%BeginFont
Handler:DirectoryHandler
FontType:TrueType
FontName:AmericanaBT
FamilyName:Americana
StyleName: BT
MenuName:Americana
StyleBits:0
WeightClass:400
WidthClass:5
AngleClass:0
FullName:Americana  BT
WritingScript:Roman
OutlineFileName:\PressWriter.suit
DataFormat:sfntResource
ResourceID:1345
FileLength:5884953
FileModTime:970559346
%EndFont

%BeginFont
Handler:DirectoryHandler
FontType:TrueType
FontName:AmericanaItalicBT
FamilyName:Americana Italic BT
StyleName:Regular
MenuName:Americana Italic BT
StyleBits:0
WeightClass:400
WidthClass:5
AngleClass:0
FullName:Americana Italic BT
WritingScript:Roman
OutlineFileName:\PressWriter.suit
DataFormat:sfntResource
ResourceID:1862
FileLength:5884953
FileModTime:970559346
%EndFont

%BeginFont
Handler:DirectoryHandler
FontType:TrueType
FontName:BauerBodoniBoldBT
FamilyName:Bauer Bodoni Bold BT
StyleName:Regular
MenuName:Bauer Bodoni Bold BT
StyleBits:0
WeightClass:400
WidthClass:5
AngleClass:0
FullName:Bauer Bodoni Bold BT
WritingScript:Roman
OutlineFileName:\PressWriter.suit
DataFormat:sfntResource
ResourceID:1841
FileLength:5884953
FileModTime:970559346
%EndFont

%BeginFont
Handler:DirectoryHandler
FontType:TrueType
FontName:BauerBodoniBoldItalicBT
FamilyName:Bauer Bodoni Bold Italic BT
StyleName:Regular
MenuName:Bauer Bodoni Bold Italic BT
StyleBits:0
WeightClass:400
WidthClass:5
AngleClass:0
FullName:Bauer Bodoni Bold Italic BT
WritingScript:Roman
OutlineFileName:\PressWriter.suit
DataFormat:sfntResource
ResourceID:2351
FileLength:5884953
FileModTime:970559346
%EndFont

%BeginFont
Handler:DirectoryHandler
FontType:TrueType
FontName:BauerBodoniBT
FamilyName:Bauer Bodoni BT
StyleName:Regular
MenuName:Bauer Bodoni BT
StyleBits:0
WeightClass:400
WidthClass:5
AngleClass:0
FullName:Bauer Bodoni BT
WritingScript:Roman
OutlineFileName:\PressWriter.suit
DataFormat:sfntResource
ResourceID:2859
FileLength:5884953
FileModTime:970559346
%EndFont

%BeginFont
Handler:DirectoryHandler
FontType:TrueType
FontName:BauerBodoniItalicBT
FamilyName:Bauer Bodoni Italic BT
StyleName:Regular
MenuName:Bauer Bodoni Italic BT
StyleBits:0
WeightClass:400
WidthClass:5
AngleClass:0
FullName:Bauer Bodoni Italic BT
WritingScript:Roman
OutlineFileName:\PressWriter.suit
DataFormat:sfntResource
ResourceID:1310
FileLength:5884953
FileModTime:970559346
%EndFont

%BeginFont
Handler:DirectoryHandler
FontType:TrueType
FontName:BellGothicBlackBT
FamilyName:Bell Gothic Black BT
StyleName:Regular
MenuName:Bell Gothic Black BT
StyleBits:0
WeightClass:400
WidthClass:5
AngleClass:0
FullName:Bell Gothic Black BT
WritingScript:Roman
OutlineFileName:\PressWriter.suit
DataFormat:sfntResource
ResourceID:1141
FileLength:5884953
FileModTime:970559346
%EndFont

%BeginFont
Handler:DirectoryHandler
FontType:TrueType
FontName:BellGothicBoldBT
FamilyName:Bell Gothic Bold BT
StyleName:Regular
MenuName:Bell Gothic Bold BT
StyleBits:0
WeightClass:400
WidthClass:5
AngleClass:0
FullName:Bell Gothic Bold BT
WritingScript:Roman
OutlineFileName:\PressWriter.suit
DataFormat:sfntResource
ResourceID:2748
FileLength:5884953
FileModTime:970559346
%EndFont

%BeginFont
Handler:DirectoryHandler
FontType:TrueType
FontName:BellGothicBT
FamilyName:Bell Gothic BT
StyleName:Regular
MenuName:Bell Gothic BT
StyleBits:0
WeightClass:400
WidthClass:5
AngleClass:0
FullName:Bell Gothic BT
WritingScript:Roman
OutlineFileName:\PressWriter.suit
DataFormat:sfntResource
ResourceID:1333
FileLength:5884953
FileModTime:970559346
%EndFont

%BeginFont
Handler:DirectoryHandler
FontType:TrueType
FontName:BernhardModernBoldBT
FamilyName:Bernhard Modern Bold BT
StyleName:Regular
MenuName:Bernhard Modern Bold BT
StyleBits:0
WeightClass:400
WidthClass:5
AngleClass:0
FullName:Bernhard Modern Bold BT
WritingScript:Roman
OutlineFileName:\PressWriter.suit
DataFormat:sfntResource
ResourceID:1921
FileLength:5884953
FileModTime:970559346
%EndFont

%BeginFont
Handler:DirectoryHandler
FontType:TrueType
FontName:BernhardModernBoldItalicBT
FamilyName:Bernhard Modern Bold Italic BT
StyleName:Regular
MenuName:Bernhard Modern Bold Italic BT
StyleBits:0
WeightClass:400
WidthClass:5
AngleClass:0
FullName:Bernhard Modern Bold Italic BT
WritingScript:Roman
OutlineFileName:\PressWriter.suit
DataFormat:sfntResource
ResourceID:2508
FileLength:5884953
FileModTime:970559346
%EndFont

%BeginFont
Handler:DirectoryHandler
FontType:TrueType
FontName:BernhardModernBT
FamilyName:Bernhard Modern BT
StyleName:Regular
MenuName:Bernhard Modern BT
StyleBits:0
WeightClass:400
WidthClass:5
AngleClass:0
FullName:Bernhard Modern BT
WritingScript:Roman
OutlineFileName:\PressWriter.suit
DataFormat:sfntResource
ResourceID:1391
FileLength:5884953
FileModTime:970559346
%EndFont

%BeginFont
Handler:DirectoryHandler
FontType:TrueType
FontName:BernhardModernItalicBT
FamilyName:Bernhard Modern Italic BT
StyleName:Regular
MenuName:Bernhard Modern Italic BT
StyleBits:0
WeightClass:400
WidthClass:5
AngleClass:0
FullName:Bernhard Modern Italic BT
WritingScript:Roman
OutlineFileName:\PressWriter.suit
DataFormat:sfntResource
ResourceID:1353
FileLength:5884953
FileModTime:970559346
%EndFont

%BeginFont
Handler:DirectoryHandler
FontType:TrueType
FontName:Caesar
FamilyName:Caesar
StyleName:Regular
MenuName:Caesar
StyleBits:0
WeightClass:400
WidthClass:5
AngleClass:0
FullName:Caesar
WritingScript:Roman
OutlineFileName:\PressWriter.suit
DataFormat:sfntResource
ResourceID:17808
FileLength:5884953
FileModTime:970559346
%EndFont

%BeginFont
Handler:DirectoryHandler
FontType:TrueType
FontName:CaslonOldFaceBT
FamilyName:Caslon Old Face BT
StyleName:Regular
MenuName:Caslon Old Face BT
StyleBits:0
WeightClass:400
WidthClass:5
AngleClass:0
FullName:Caslon Old Face BT
WritingScript:Roman
OutlineFileName:\PressWriter.suit
DataFormat:sfntResource
ResourceID:1301
FileLength:5884953
FileModTime:970559346
%EndFont

%BeginFont
Handler:DirectoryHandler
FontType:TrueType
FontName:CaslonOldFaceHeavyBT
FamilyName:Caslon Old Face Heavy BT
StyleName:Regular
MenuName:Caslon Old Face Heavy BT
StyleBits:0
WeightClass:400
WidthClass:5
AngleClass:0
FullName:Caslon Old Face Heavy BT
WritingScript:Roman
OutlineFileName:\PressWriter.suit
DataFormat:sfntResource
ResourceID:2869
FileLength:5884953
FileModTime:970559346
%EndFont

%BeginFont
Handler:DirectoryHandler
FontType:TrueType
FontName:CaslonOldFaceItalicBT
FamilyName:Caslon Old Face Italic BT
StyleName:Regular
MenuName:Caslon Old Face Italic BT
StyleBits:0
WeightClass:400
WidthClass:5
AngleClass:0
FullName:Caslon Old Face Italic BT
WritingScript:Roman
OutlineFileName:\PressWriter.suit
DataFormat:sfntResource
ResourceID:1829
FileLength:5884953
FileModTime:970559346
%EndFont

%BeginFont
Handler:DirectoryHandler
FontType:TrueType
FontName:CenturySchoolbookBoldBT
FamilyName:Century Schoolbook Bold BT
StyleName:Regular
MenuName:Century Schoolbook Bold BT
StyleBits:0
WeightClass:400
WidthClass:5
AngleClass:0
FullName:Century Schoolbook Bold BT
WritingScript:Roman
OutlineFileName:\PressWriter.suit
DataFormat:sfntResource
ResourceID:1726
FileLength:5884953
FileModTime:970559346
%EndFont

%BeginFont
Handler:DirectoryHandler
FontType:TrueType
FontName:CenturySchoolbookBT
FamilyName:Century Schoolbook BT
StyleName:Regular
MenuName:Century Schoolbook BT
StyleBits:0
WeightClass:400
WidthClass:5
AngleClass:0
FullName:Century Schoolbook BT
WritingScript:Roman
OutlineFileName:\PressWriter.suit
DataFormat:sfntResource
ResourceID:2699
FileLength:5884953
FileModTime:970559346
%EndFont

%BeginFont
Handler:DirectoryHandler
FontType:TrueType
FontName:CenturySchoolbookItalicBT
FamilyName:Century Schoolbook Italic BT
StyleName:Regular
MenuName:Century Schoolbook Italic BT
StyleBits:0
WeightClass:400
WidthClass:5
AngleClass:0
FullName:Century Schoolbook Italic BT
WritingScript:Roman
OutlineFileName:\PressWriter.suit
DataFormat:sfntResource
ResourceID:1184
FileLength:5884953
FileModTime:970559346
%EndFont

%BeginFont
Handler:DirectoryHandler
FontType:TrueType
FontName:CheltenhamBoldBT
FamilyName:Cheltenham Bold BT
StyleName:Regular
MenuName:Cheltenham Bold BT
StyleBits:0
WeightClass:400
WidthClass:5
AngleClass:0
FullName:Cheltenham Bold BT
WritingScript:Roman
OutlineFileName:\PressWriter.suit
DataFormat:sfntResource
ResourceID:3054
FileLength:5884953
FileModTime:970559346
%EndFont

%BeginFont
Handler:DirectoryHandler
FontType:TrueType
FontName:CheltenhamBoldItalicBT
FamilyName:Cheltenham Bold Italic BT
StyleName:Regular
MenuName:Cheltenham Bold Italic BT
StyleBits:0
WeightClass:400
WidthClass:5
AngleClass:0
FullName:Cheltenham Bold Italic BT
WritingScript:Roman
OutlineFileName:\PressWriter.suit
DataFormat:sfntResource
ResourceID:2844
FileLength:5884953
FileModTime:970559346
%EndFont

%BeginFont
Handler:DirectoryHandler
FontType:TrueType
FontName:CheltenhamBT
FamilyName:Cheltenham BT
StyleName:Regular
MenuName:Cheltenham BT
StyleBits:0
WeightClass:400
WidthClass:5
AngleClass:0
FullName:Cheltenham BT
WritingScript:Roman
OutlineFileName:\PressWriter.suit
DataFormat:sfntResource
ResourceID:1984
FileLength:5884953
FileModTime:970559346
%EndFont

%BeginFont
Handler:DirectoryHandler
FontType:TrueType
FontName:CheltenhamItalicBT
FamilyName:Cheltenham Italic BT
StyleName:Regular
MenuName:Cheltenham Italic BT
StyleBits:0
WeightClass:400
WidthClass:5
AngleClass:0
FullName:Cheltenham Italic BT
WritingScript:Roman
OutlineFileName:\PressWriter.suit
DataFormat:sfntResource
ResourceID:16106
FileLength:5884953
FileModTime:970559346
%EndFont

%BeginFont
Handler:DirectoryHandler
FontType:TrueType
FontName:CloisterBlackBT
FamilyName:Cloister Black BT
StyleName:Regular
MenuName:Cloister Black BT
StyleBits:0
WeightClass:400
WidthClass:5
AngleClass:0
FullName:Cloister Black BT
WritingScript:Roman
OutlineFileName:\PressWriter.suit
DataFormat:sfntResource
ResourceID:1847
FileLength:5884953
FileModTime:970559346
%EndFont

%BeginFont
Handler:DirectoryHandler
FontType:TrueType
FontName:ContinuumBold
FamilyName:Continuum Bold
StyleName:Regular
MenuName:Continuum Bold
StyleBits:0
WeightClass:400
WidthClass:5
AngleClass:0
FullName:Continuum Bold
WritingScript:Roman
OutlineFileName:\PressWriter.suit
DataFormat:sfntResource
ResourceID:12501
FileLength:5884953
FileModTime:970559346
%EndFont

%BeginFont
Handler:DirectoryHandler
FontType:TrueType
FontName:ContinuumLight
FamilyName:Continuum Light
StyleName:Regular
MenuName:Continuum Light
StyleBits:0
WeightClass:400
WidthClass:5
AngleClass:0
FullName:Continuum Light
WritingScript:Roman
OutlineFileName:\PressWriter.suit
DataFormat:sfntResource
ResourceID:15544
FileLength:5884953
FileModTime:970559346
%EndFont

%BeginFont
Handler:DirectoryHandler
FontType:TrueType
FontName:ContinuumMedium
FamilyName:Continuum Medium
StyleName:Regular
MenuName:Continuum Medium
StyleBits:0
WeightClass:400
WidthClass:5
AngleClass:0
FullName:Continuum Medium
WritingScript:Roman
OutlineFileName:\PressWriter.suit
DataFormat:sfntResource
ResourceID:4137
FileLength:5884953
FileModTime:970559346
%EndFont

%BeginFont
Handler:DirectoryHandler
FontType:TrueType
FontName:CooperBlackBT
FamilyName:Cooper Black BT
StyleName:Regular
MenuName:Cooper Black BT
StyleBits:0
WeightClass:400
WidthClass:5
AngleClass:0
FullName:Cooper Black BT
WritingScript:Roman
OutlineFileName:\PressWriter.suit
DataFormat:sfntResource
ResourceID:1759
FileLength:5884953
FileModTime:970559346
%EndFont

%BeginFont
Handler:DirectoryHandler
FontType:TrueType
FontName:CooperBoldItalicBT
FamilyName:Cooper Bold Italic BT
StyleName:Regular
MenuName:Cooper Bold Italic BT
StyleBits:0
WeightClass:400
WidthClass:5
AngleClass:0
FullName:Cooper Bold Italic BT
WritingScript:Roman
OutlineFileName:\PressWriter.suit
DataFormat:sfntResource
ResourceID:2861
FileLength:5884953
FileModTime:970559346
%EndFont

%BeginFont
Handler:DirectoryHandler
FontType:TrueType
FontName:CooperLightBT
FamilyName:Cooper Light BT
StyleName:Regular
MenuName:Cooper Light BT
StyleBits:0
WeightClass:400
WidthClass:5
AngleClass:0
FullName:Cooper Light BT
WritingScript:Roman
OutlineFileName:\PressWriter.suit
DataFormat:sfntResource
ResourceID:1106
FileLength:5884953
FileModTime:970559346
%EndFont

%BeginFont
Handler:DirectoryHandler
FontType:TrueType
FontName:CooperLightItalicBT
FamilyName:Cooper Light Italic BT
StyleName:Regular
MenuName:Cooper Light Italic BT
StyleBits:0
WeightClass:400
WidthClass:5
AngleClass:0
FullName:Cooper Light Italic BT
WritingScript:Roman
OutlineFileName:\PressWriter.suit
DataFormat:sfntResource
ResourceID:1679
FileLength:5884953
FileModTime:970559346
%EndFont

%BeginFont
Handler:DirectoryHandler
FontType:TrueType
FontName:CopperplateGothicBoldBT
FamilyName:Copperplate Gothic Bold BT
StyleName:Regular
MenuName:Copperplate Gothic Bold BT
StyleBits:0
WeightClass:400
WidthClass:5
AngleClass:0
FullName:Copperplate Gothic Bold BT
WritingScript:Roman
OutlineFileName:\PressWriter.suit
DataFormat:sfntResource
ResourceID:2379
FileLength:5884953
FileModTime:970559346
%EndFont

%BeginFont
Handler:DirectoryHandler
FontType:TrueType
FontName:CopperplateGothicCondensedBT
FamilyName:Copperplate Gothic Condensed BT
StyleName:Regular
MenuName:Copperplate Gothic Condensed BT
StyleBits:0
WeightClass:400
WidthClass:5
AngleClass:0
FullName:Copperplate Gothic Condensed BT
WritingScript:Roman
OutlineFileName:\PressWriter.suit
DataFormat:sfntResource
ResourceID:2881
FileLength:5884953
FileModTime:970559346
%EndFont

%BeginFont
Handler:DirectoryHandler
FontType:TrueType
FontName:DomBoldBT
FamilyName:Dom Bold BT
StyleName:Regular
MenuName:Dom Bold BT
StyleBits:0
WeightClass:400
WidthClass:5
AngleClass:0
FullName:Dom Bold BT
WritingScript:Roman
OutlineFileName:\PressWriter.suit
DataFormat:sfntResource
ResourceID:2401
FileLength:5884953
FileModTime:970559346
%EndFont

%BeginFont
Handler:DirectoryHandler
FontType:TrueType
FontName:Exotic350BoldBT
FamilyName:Exotic 350 Bold BT
StyleName:Regular
MenuName:Exotic 350 Bold BT
StyleBits:0
WeightClass:400
WidthClass:5
AngleClass:0
FullName:Exotic 350 Bold BT
WritingScript:Roman
OutlineFileName:\PressWriter.suit
DataFormat:sfntResource
ResourceID:1325
FileLength:5884953
FileModTime:970559346
%EndFont

%BeginFont
Handler:DirectoryHandler
FontType:TrueType
FontName:Freeform721BlackBT
FamilyName:Freeform 721 Black BT
StyleName:Regular
MenuName:Freeform 721 Black BT
StyleBits:0
WeightClass:400
WidthClass:5
AngleClass:0
FullName:Freeform 721 Black BT
WritingScript:Roman
OutlineFileName:\PressWriter.suit
DataFormat:sfntResource
ResourceID:1962
FileLength:5884953
FileModTime:970559346
%EndFont

%BeginFont
Handler:DirectoryHandler
FontType:TrueType
FontName:Geometric231BoldBT
FamilyName:Geometric 231 Bold BT
StyleName:Regular
MenuName:Geometric 231 Bold BT
StyleBits:0
WeightClass:400
WidthClass:5
AngleClass:0
FullName:Geometric 231 Bold BT
WritingScript:Roman
OutlineFileName:\PressWriter.suit
DataFormat:sfntResource
ResourceID:2728
FileLength:5884953
FileModTime:970559346
%EndFont

%BeginFont
Handler:DirectoryHandler
FontType:TrueType
FontName:Geometric231BT
FamilyName:Geometric 231 BT
StyleName:Regular
MenuName:Geometric 231 BT
StyleBits:0
WeightClass:400
WidthClass:5
AngleClass:0
FullName:Geometric 231 BT
WritingScript:Roman
OutlineFileName:\PressWriter.suit
DataFormat:sfntResource
ResourceID:2275
FileLength:5884953
FileModTime:970559346
%EndFont

%BeginFont
Handler:DirectoryHandler
FontType:TrueType
FontName:Geometric231HeavyBT
FamilyName:Geometric 231 Heavy BT
StyleName:Regular
MenuName:Geometric 231 Heavy BT
StyleBits:0
WeightClass:400
WidthClass:5
AngleClass:0
FullName:Geometric 231 Heavy BT
WritingScript:Roman
OutlineFileName:\PressWriter.suit
DataFormat:sfntResource
ResourceID:1203
FileLength:5884953
FileModTime:970559346
%EndFont

%BeginFont
Handler:DirectoryHandler
FontType:TrueType
FontName:Geometric231LightBT
FamilyName:Geometric 231 Light BT
StyleName:Regular
MenuName:Geometric 231 Light BT
StyleBits:0
WeightClass:400
WidthClass:5
AngleClass:0
FullName:Geometric 231 Light BT
WritingScript:Roman
OutlineFileName:\PressWriter.suit
DataFormat:sfntResource
ResourceID:1815
FileLength:5884953
FileModTime:970559346
%EndFont

%BeginFont
Handler:DirectoryHandler
FontType:TrueType
FontName:GoudyOldStyleBoldBT
FamilyName:Goudy Old Style Bold BT
StyleName:Regular
MenuName:Goudy Old Style Bold BT
StyleBits:0
WeightClass:400
WidthClass:5
AngleClass:0
FullName:Goudy Old Style Bold BT
WritingScript:Roman
OutlineFileName:\PressWriter.suit
DataFormat:sfntResource
ResourceID:2255
FileLength:5884953
FileModTime:970559346
%EndFont

%BeginFont
Handler:DirectoryHandler
FontType:TrueType
FontName:GoudyOldStyleBoldItalicBT
FamilyName:Goudy Old Style Bold Italic BT
StyleName:Regular
MenuName:Goudy Old Style Bold Italic BT
StyleBits:0
WeightClass:400
WidthClass:5
AngleClass:0
FullName:Goudy Old Style Bold Italic BT
WritingScript:Roman
OutlineFileName:\PressWriter.suit
DataFormat:sfntResource
ResourceID:2845
FileLength:5884953
FileModTime:970559346
%EndFont

%BeginFont
Handler:DirectoryHandler
FontType:TrueType
FontName:GoudyOldStyleBT
FamilyName:Goudy Old Style BT
StyleName:Regular
MenuName:Goudy Old Style BT
StyleBits:0
WeightClass:400
WidthClass:5
AngleClass:0
FullName:Goudy Old Style BT
WritingScript:Roman
OutlineFileName:\PressWriter.suit
DataFormat:sfntResource
ResourceID:1076
FileLength:5884953
FileModTime:970559346
%EndFont

%BeginFont
Handler:DirectoryHandler
FontType:TrueType
FontName:GoudyOldStyleItalicBT
FamilyName:Goudy Old Style Italic BT
StyleName:Regular
MenuName:Goudy Old Style Italic BT
StyleBits:0
WeightClass:400
WidthClass:5
AngleClass:0
FullName:Goudy Old Style Italic BT
WritingScript:Roman
OutlineFileName:\PressWriter.suit
DataFormat:sfntResource
ResourceID:1672
FileLength:5884953
FileModTime:970559346
%EndFont

%BeginFont
Handler:DirectoryHandler
FontType:TrueType
FontName:ImpressBT
FamilyName:Impress
StyleName: BT
MenuName:Impress
StyleBits:0
WeightClass:400
WidthClass:5
AngleClass:0
FullName:Impress  BT
WritingScript:Roman
OutlineFileName:\PressWriter.suit
DataFormat:sfntResource
ResourceID:2787
FileLength:5884953
FileModTime:970559346
%EndFont

%BeginFont
Handler:DirectoryHandler
FontType:TrueType
FontName:Incised901BlackBT
FamilyName:Incised 901 Black BT
StyleName:Regular
MenuName:Incised 901 Black BT
StyleBits:0
WeightClass:400
WidthClass:5
AngleClass:0
FullName:Incised 901 Black BT
WritingScript:Roman
OutlineFileName:\PressWriter.suit
DataFormat:sfntResource
ResourceID:1942
FileLength:5884953
FileModTime:970559346
%EndFont

%BeginFont
Handler:DirectoryHandler
FontType:TrueType
FontName:Incised901BoldBT
FamilyName:Incised 901 Bold BT
StyleName:Regular
MenuName:Incised 901 Bold BT
StyleBits:0
WeightClass:400
WidthClass:5
AngleClass:0
FullName:Incised 901 Bold BT
WritingScript:Roman
OutlineFileName:\PressWriter.suit
DataFormat:sfntResource
ResourceID:17894
FileLength:5884953
FileModTime:970559346
%EndFont

%BeginFont
Handler:DirectoryHandler
FontType:TrueType
FontName:Incised901BT
FamilyName:Incised 901 BT
StyleName:Regular
MenuName:Incised 901 BT
StyleBits:0
WeightClass:400
WidthClass:5
AngleClass:0
FullName:Incised 901 BT
WritingScript:Roman
OutlineFileName:\PressWriter.suit
DataFormat:sfntResource
ResourceID:2915
FileLength:5884953
FileModTime:970559346
%EndFont

%BeginFont
Handler:DirectoryHandler
FontType:TrueType
FontName:Incised901ItalicBT
FamilyName:Incised 901 Italic BT
StyleName:Regular
MenuName:Incised 901 Italic BT
StyleBits:0
WeightClass:400
WidthClass:5
AngleClass:0
FullName:Incised 901 Italic BT
WritingScript:Roman
OutlineFileName:\PressWriter.suit
DataFormat:sfntResource
ResourceID:1308
FileLength:5884953
FileModTime:970559346
%EndFont

%BeginFont
Handler:DirectoryHandler
FontType:TrueType
FontName:Incised901LightBT
FamilyName:Incised 901 Light BT
StyleName:Regular
MenuName:Incised 901 Light BT
StyleBits:0
WeightClass:400
WidthClass:5
AngleClass:0
FullName:Incised 901 Light BT
WritingScript:Roman
OutlineFileName:\PressWriter.suit
DataFormat:sfntResource
ResourceID:2482
FileLength:5884953
FileModTime:970559346
%EndFont

%BeginFont
Handler:DirectoryHandler
FontType:TrueType
FontName:Informal011BT
FamilyName:Informal 011 BT
StyleName:Regular
MenuName:Informal 011 BT
StyleBits:0
WeightClass:400
WidthClass:5
AngleClass:0
FullName:Informal 011 BT
WritingScript:Roman
OutlineFileName:\PressWriter.suit
DataFormat:sfntResource
ResourceID:1326
FileLength:5884953
FileModTime:970559346
%EndFont

%BeginFont
Handler:DirectoryHandler
FontType:TrueType
FontName:Intrepid
FamilyName:Intrepid
StyleName:Regular
MenuName:Intrepid
StyleBits:0
WeightClass:400
WidthClass:5
AngleClass:0
FullName:Intrepid
WritingScript:Roman
OutlineFileName:\PressWriter.suit
DataFormat:sfntResource
ResourceID:2948
FileLength:5884953
FileModTime:970559346
%EndFont

%BeginFont
Handler:DirectoryHandler
FontType:TrueType
FontName:IntrepidBold
FamilyName:Intrepid
StyleName: Bold
MenuName:Intrepid
StyleBits:0
WeightClass:400
WidthClass:5
AngleClass:0
FullName:Intrepid  Bold
WritingScript:Roman
OutlineFileName:\PressWriter.suit
DataFormat:sfntResource
ResourceID:1687
FileLength:5884953
FileModTime:970559346
%EndFont

%BeginFont
Handler:DirectoryHandler
FontType:TrueType
FontName:IntrepidExtraBold
FamilyName:Intrepid ExtraBold
StyleName:Regular
MenuName:Intrepid ExtraBold
StyleBits:0
WeightClass:400
WidthClass:5
AngleClass:0
FullName:Intrepid ExtraBold
WritingScript:Roman
OutlineFileName:\PressWriter.suit
DataFormat:sfntResource
ResourceID:2064
FileLength:5884953
FileModTime:970559346
%EndFont

%BeginFont
Handler:DirectoryHandler
FontType:TrueType
FontName:IntrepidItalic
FamilyName:Intrepid
StyleName: Italic
MenuName:Intrepid
StyleBits:0
WeightClass:400
WidthClass:5
AngleClass:0
FullName:Intrepid  Italic
WritingScript:Roman
OutlineFileName:\PressWriter.suit
DataFormat:sfntResource
ResourceID:2539
FileLength:5884953
FileModTime:970559346
%EndFont

%BeginFont
Handler:DirectoryHandler
FontType:TrueType
FontName:KaufmannBoldBT
FamilyName:Kaufmann
StyleName: Bold BT
MenuName:Kaufmann
StyleBits:0
WeightClass:400
WidthClass:5
AngleClass:0
FullName:Kaufmann  Bold BT
WritingScript:Roman
OutlineFileName:\PressWriter.suit
DataFormat:sfntResource
ResourceID:2884
FileLength:5884953
FileModTime:970559346
%EndFont

%BeginFont
Handler:DirectoryHandler
FontType:TrueType
FontName:KaufmannBT
FamilyName:Kaufmann BT
StyleName:Regular
MenuName:Kaufmann BT
StyleBits:0
WeightClass:400
WidthClass:5
AngleClass:0
FullName:Kaufmann BT
WritingScript:Roman
OutlineFileName:\PressWriter.suit
DataFormat:sfntResource
ResourceID:2364
FileLength:5884953
FileModTime:970559346
%EndFont

%BeginFont
Handler:DirectoryHandler
FontType:TrueType
FontName:LydianBoldBT
FamilyName:Lydian
StyleName: Bold BT
MenuName:Lydian
StyleBits:0
WeightClass:400
WidthClass:5
AngleClass:0
FullName:Lydian  Bold BT
WritingScript:Roman
OutlineFileName:\PressWriter.suit
DataFormat:sfntResource
ResourceID:2060
FileLength:5884953
FileModTime:970559346
%EndFont

%BeginFont
Handler:DirectoryHandler
FontType:TrueType
FontName:LydianBoldItalicBT
FamilyName:Lydian
StyleName: Bold Italic BT
MenuName:Lydian
StyleBits:0
WeightClass:400
WidthClass:5
AngleClass:0
FullName:Lydian  Bold Italic BT
WritingScript:Roman
OutlineFileName:\PressWriter.suit
DataFormat:sfntResource
ResourceID:2551
FileLength:5884953
FileModTime:970559346
%EndFont

%BeginFont
Handler:DirectoryHandler
FontType:TrueType
FontName:LydianBT
FamilyName:Lydian
StyleName: BT
MenuName:Lydian
StyleBits:0
WeightClass:400
WidthClass:5
AngleClass:0
FullName:Lydian  BT
WritingScript:Roman
OutlineFileName:\PressWriter.suit
DataFormat:sfntResource
ResourceID:17605
FileLength:5884953
FileModTime:970559346
%EndFont

%BeginFont
Handler:DirectoryHandler
FontType:TrueType
FontName:LydianItalicBT
FamilyName:Lydian
StyleName: Italic BT
MenuName:Lydian
StyleBits:0
WeightClass:400
WidthClass:5
AngleClass:0
FullName:Lydian  Italic BT
WritingScript:Roman
OutlineFileName:\PressWriter.suit
DataFormat:sfntResource
ResourceID:1570
FileLength:5884953
FileModTime:970559346
%EndFont

%BeginFont
Handler:DirectoryHandler
FontType:TrueType
FontName:Market
FamilyName:Market
StyleName:Regular
MenuName:Market
StyleBits:0
WeightClass:400
WidthClass:5
AngleClass:0
FullName:Market
WritingScript:Roman
OutlineFileName:\PressWriter.suit
DataFormat:sfntResource
ResourceID:15286
FileLength:5884953
FileModTime:970559346
%EndFont

%BeginFont
Handler:DirectoryHandler
FontType:TrueType
FontName:NewZurica
FamilyName:NewZurica
StyleName:Regular
MenuName:NewZurica
StyleBits:0
WeightClass:5
WidthClass:5
AngleClass:0
FullName:NewZurica Regular
WritingScript:Roman
OutlineFileName:\PressWriter.suit
DataFormat:sfntResource
ResourceID:22273
FileLength:5884953
FileModTime:970559346
%EndFont

%BeginFont
Handler:DirectoryHandler
FontType:TrueType
FontName:NewZuricaBold
FamilyName:NewZurica
StyleName:Bold
MenuName:NewZurica
StyleBits:2
WeightClass:7
WidthClass:5
AngleClass:0
FullName:NewZurica Bold
WritingScript:Roman
OutlineFileName:\PressWriter.suit
DataFormat:sfntResource
ResourceID:1469
FileLength:5884953
FileModTime:970559346
%EndFont

%BeginFont
Handler:DirectoryHandler
FontType:TrueType
FontName:NewZuricaOblique
FamilyName:NewZurica
StyleName:Italic
MenuName:NewZurica
StyleBits:1
WeightClass:5
WidthClass:5
AngleClass:0
FullName:NewZurica Italic
WritingScript:Roman
OutlineFileName:\PressWriter.suit
DataFormat:sfntResource
ResourceID:1323
FileLength:5884953
FileModTime:970559346
%EndFont

%BeginFont
Handler:DirectoryHandler
FontType:TrueType
FontName:OnyxBT
FamilyName:Onyx BT
StyleName:Regular
MenuName:Onyx BT
StyleBits:0
WeightClass:400
WidthClass:5
AngleClass:0
FullName:Onyx BT
WritingScript:Roman
OutlineFileName:\PressWriter.suit
DataFormat:sfntResource
ResourceID:24321
FileLength:5884953
FileModTime:970559346
%EndFont

%BeginFont
Handler:DirectoryHandler
FontType:TrueType
FontName:Percival
FamilyName:Percival
StyleName:Regular
MenuName:Percival
StyleBits:0
WeightClass:400
WidthClass:5
AngleClass:0
FullName:Percival
WritingScript:Roman
OutlineFileName:\PressWriter.suit
DataFormat:sfntResource
ResourceID:4883
FileLength:5884953
FileModTime:970559346
%EndFont

%BeginFont
Handler:DirectoryHandler
FontType:TrueType
FontName:PlaybillBT
FamilyName:Playbill
StyleName: BT
MenuName:Playbill
StyleBits:0
WeightClass:400
WidthClass:5
AngleClass:0
FullName:Playbill  BT
WritingScript:Roman
OutlineFileName:\PressWriter.suit
DataFormat:sfntResource
ResourceID:2390
FileLength:5884953
FileModTime:970559346
%EndFont

%BeginFont
Handler:DirectoryHandler
FontType:TrueType
FontName:Rockstone
FamilyName:Rockstone
StyleName:Regular
MenuName:Rockstone
StyleBits:0
WeightClass:400
WidthClass:5
AngleClass:0
FullName:Rockstone
WritingScript:Roman
OutlineFileName:\PressWriter.suit
DataFormat:sfntResource
ResourceID:1577
FileLength:5884953
FileModTime:970559346
%EndFont

%BeginFont
Handler:DirectoryHandler
FontType:TrueType
FontName:Scratch
FamilyName:Scratch
StyleName:Regular
MenuName:Scratch
StyleBits:0
WeightClass:400
WidthClass:5
AngleClass:0
FullName:Scratch
WritingScript:Roman
OutlineFileName:\PressWriter.suit
DataFormat:sfntResource
ResourceID:2434
FileLength:5884953
FileModTime:970559346
%EndFont

%BeginFont
Handler:DirectoryHandler
FontType:TrueType
FontName:SnellBoldBT
FamilyName:Snell Bold BT
StyleName:Regular
MenuName:Snell Bold BT
StyleBits:0
WeightClass:400
WidthClass:5
AngleClass:0
FullName:Snell Bold BT
WritingScript:Roman
OutlineFileName:\PressWriter.suit
DataFormat:sfntResource
ResourceID:2206
FileLength:5884953
FileModTime:970559346
%EndFont

%BeginFont
Handler:DirectoryHandler
FontType:TrueType
FontName:Sniff
FamilyName:Sniff
StyleName:Regular
MenuName:Sniff
StyleBits:0
WeightClass:400
WidthClass:5
AngleClass:0
FullName:Sniff
WritingScript:Roman
OutlineFileName:\PressWriter.suit
DataFormat:sfntResource
ResourceID:2092
FileLength:5884953
FileModTime:970559346
%EndFont

%BeginFont
Handler:DirectoryHandler
FontType:TrueType
FontName:SniffBold
FamilyName:Sniff
StyleName: Bold
MenuName:Sniff
StyleBits:0
WeightClass:400
WidthClass:5
AngleClass:0
FullName:Sniff  Bold
WritingScript:Roman
OutlineFileName:\PressWriter.suit
DataFormat:sfntResource
ResourceID:1696
FileLength:5884953
FileModTime:970559346
%EndFont

%BeginFont
Handler:DirectoryHandler
FontType:TrueType
FontName:SniffItalic
FamilyName:Sniff
StyleName: Italic
MenuName:Sniff
StyleBits:0
WeightClass:400
WidthClass:5
AngleClass:0
FullName:Sniff  Italic
WritingScript:Roman
OutlineFileName:\PressWriter.suit
DataFormat:sfntResource
ResourceID:2498
FileLength:5884953
FileModTime:970559346
%EndFont

%BeginFont
Handler:DirectoryHandler
FontType:TrueType
FontName:Socket
FamilyName:Socket
StyleName:Regular
MenuName:Socket
StyleBits:0
WeightClass:400
WidthClass:5
AngleClass:0
FullName:Socket
WritingScript:Roman
OutlineFileName:\PressWriter.suit
DataFormat:sfntResource
ResourceID:2966
FileLength:5884953
FileModTime:970559346
%EndFont

%BeginFont
Handler:DirectoryHandler
FontType:TrueType
FontName:StageCoach
FamilyName:StageCoach
StyleName:Regular
MenuName:StageCoach
StyleBits:0
WeightClass:5
WidthClass:5
AngleClass:0
FullName:StageCoach Regular
WritingScript:Roman
OutlineFileName:\PressWriter.suit
DataFormat:sfntResource
ResourceID:2443
FileLength:5884953
FileModTime:970559346
%EndFont

%BeginFont
Handler:DirectoryHandler
FontType:TrueType
FontName:Swiss721BoldExtendedBT
FamilyName:Swiss 721 Bold Extended BT
StyleName:Regular
MenuName:Swiss 721 Bold Extended BT
StyleBits:0
WeightClass:400
WidthClass:5
AngleClass:0
FullName:Swiss 721 Bold Extended BT
WritingScript:Roman
OutlineFileName:\PressWriter.suit
DataFormat:sfntResource
ResourceID:2033
FileLength:5884953
FileModTime:970559346
%EndFont

%BeginFont
Handler:DirectoryHandler
FontType:TrueType
FontName:Swiss721ExtendedBT
FamilyName:Swiss 721 Extended BT
StyleName:Regular
MenuName:Swiss 721 Extended BT
StyleBits:0
WeightClass:400
WidthClass:5
AngleClass:0
FullName:Swiss 721 Extended BT
WritingScript:Roman
OutlineFileName:\PressWriter.suit
DataFormat:sfntResource
ResourceID:1589
FileLength:5884953
FileModTime:970559346
%EndFont

%BeginFont
Handler:DirectoryHandler
FontType:TrueType
FontName:Tribune
FamilyName:Tribune
StyleName:Regular
MenuName:Tribune
StyleBits:0
WeightClass:400
WidthClass:5
AngleClass:0
FullName:Tribune
WritingScript:Roman
OutlineFileName:\PressWriter.suit
DataFormat:sfntResource
ResourceID:2481
FileLength:5884953
FileModTime:970559346
%EndFont

%BeginFont
Handler:DirectoryHandler
FontType:TrueType
FontName:TribuneBold
FamilyName:Tribune
StyleName:Bold
MenuName:Tribune
StyleBits:2
WeightClass:700
WidthClass:5
AngleClass:0
FullName:Tribune Bold
WritingScript:Roman
OutlineFileName:\PressWriter.suit
DataFormat:sfntResource
ResourceID:2190
FileLength:5884953
FileModTime:970559346
%EndFont

%BeginFont
Handler:DirectoryHandler
FontType:TrueType
FontName:TribuneItalic
FamilyName:Tribune
StyleName:Italic
MenuName:Tribune
StyleBits:1
WeightClass:400
WidthClass:5
AngleClass:0
FullName:Tribune Italic
WritingScript:Roman
OutlineFileName:\PressWriter.suit
DataFormat:sfntResource
ResourceID:1565
FileLength:5884953
FileModTime:970559346
%EndFont

%BeginFont
Handler:DirectoryHandler
FontType:TrueType
FontName:Tristan
FamilyName:Tristan
StyleName:Regular
MenuName:Tristan
StyleBits:0
WeightClass:5
WidthClass:5
AngleClass:0
FullName:Tristan Regular
WritingScript:Roman
OutlineFileName:\PressWriter.suit
DataFormat:sfntResource
ResourceID:3664
FileLength:5884953
FileModTime:970559346
%EndFont

%BeginFont
Handler:DirectoryHandler
FontType:TrueType
FontName:TypoUprightBT
FamilyName:Typo Upright BT
StyleName:Regular
MenuName:Typo Upright BT
StyleBits:0
WeightClass:400
WidthClass:5
AngleClass:0
FullName:Typo Upright BT
WritingScript:Roman
OutlineFileName:\PressWriter.suit
DataFormat:sfntResource
ResourceID:1376
FileLength:5884953
FileModTime:970559346
%EndFont

%BeginFont
Handler:DirectoryHandler
FontType:TrueType
FontName:UniversityRomanBoldBT
FamilyName:University Roman Bold BT
StyleName:Regular
MenuName:University Roman Bold BT
StyleBits:0
WeightClass:400
WidthClass:5
AngleClass:0
FullName:University Roman Bold BT
WritingScript:Roman
OutlineFileName:\PressWriter.suit
DataFormat:sfntResource
ResourceID:1393
FileLength:5884953
FileModTime:970559346
%EndFont

%BeginFont
Handler:DirectoryHandler
FontType:TrueType
FontName:UniversityRomanBT
FamilyName:University Roman BT
StyleName:Regular
MenuName:University Roman BT
StyleBits:0
WeightClass:400
WidthClass:5
AngleClass:0
FullName:University Roman BT
WritingScript:Roman
OutlineFileName:\PressWriter.suit
DataFormat:sfntResource
ResourceID:2938
FileLength:5884953
FileModTime:970559346
%EndFont

%BeginFont
Handler:DirectoryHandler
FontType:TrueType
FontName:VAGRoundedBT
FamilyName:VAG Rounded BT
StyleName:Regular
MenuName:VAG Rounded BT
StyleBits:0
WeightClass:400
WidthClass:5
AngleClass:0
FullName:VAG Rounded BT
WritingScript:Roman
OutlineFileName:\PressWriter.suit
DataFormat:sfntResource
ResourceID:1354
FileLength:5884953
FileModTime:970559346
%EndFont

%BeginFont
Handler:DirectoryHandler
FontType:TrueType
FontName:Willow
FamilyName:Willow
StyleName:Regular
MenuName:Willow
StyleBits:0
WeightClass:400
WidthClass:5
AngleClass:0
FullName:Willow
WritingScript:Roman
OutlineFileName:\PressWriter.suit
DataFormat:sfntResource
ResourceID:1648
FileLength:5884953
FileModTime:970559346
%EndFont

%BeginFont
Handler:DirectoryHandler
FontType:TrueType
FontName:WindsorBT
FamilyName:Windsor
StyleName: BT
MenuName:Windsor
StyleBits:0
WeightClass:400
WidthClass:5
AngleClass:0
FullName:Windsor  BT
WritingScript:Roman
OutlineFileName:\PressWriter.suit
DataFormat:sfntResource
ResourceID:1374
FileLength:5884953
FileModTime:970559346
%EndFont

%BeginFont
Handler:DirectoryHandler
FontType:TrueType
FontName:WindsorElongatedBT
FamilyName:Windsor
StyleName: Elongated BT
MenuName:Windsor
StyleBits:0
WeightClass:400
WidthClass:5
AngleClass:0
FullName:Windsor  Elongated BT
WritingScript:Roman
OutlineFileName:\PressWriter.suit
DataFormat:sfntResource
ResourceID:1026
FileLength:5884953
FileModTime:970559346
%EndFont

%BeginFont
Handler:DirectoryHandler
FontType:TrueType
FontName:WindsorLightBT
FamilyName:Windsor
StyleName: Light BT
MenuName:Windsor
StyleBits:0
WeightClass:400
WidthClass:5
AngleClass:0
FullName:Windsor  Light BT
WritingScript:Roman
OutlineFileName:\PressWriter.suit
DataFormat:sfntResource
ResourceID:2838
FileLength:5884953
FileModTime:970559346
%EndFont

%BeginFont
Handler:DirectoryHandler
FontType:TrueType
FontName:WindsorLightCondensedBT
FamilyName:Windsor
StyleName: Light Condensed BT
MenuName:Windsor
StyleBits:0
WeightClass:400
WidthClass:5
AngleClass:0
FullName:Windsor  Light Condensed BT
WritingScript:Roman
OutlineFileName:\PressWriter.suit
DataFormat:sfntResource
ResourceID:1882
FileLength:5884953
FileModTime:970559346
%EndFont

%BeginFont
Handler:DirectoryHandler
FontType:TrueType
FontName:GeometricSlabserifLightBT
FamilyName:Geometric Slabserif Light BT
StyleName:Regular
MenuName:Geometric Slabserif Light BT
StyleBits:0
WeightClass:400
WidthClass:5
AngleClass:0
FullName:Geometric Slabserif Light BT
WritingScript:Roman
OutlineFileName:\PressWriter.suit
DataFormat:sfntResource
ResourceID:1107
FileLength:5884953
FileModTime:970559346
%EndFont

%BeginFont
Handler:DirectoryHandler
FontType:TrueType
FontName:CooperBoldBT
FamilyName:Cooper Bold BT
StyleName:Regular
MenuName:Cooper Bold BT
StyleBits:0
WeightClass:400
WidthClass:5
AngleClass:0
FullName:Cooper Bold BT
WritingScript:Roman
OutlineFileName:\PressWriter.suit
DataFormat:sfntResource
ResourceID:1821
FileLength:5884953
FileModTime:970559346
%EndFont

%BeginFont
Handler:DirectoryHandler
FontType:TrueType
FontName:AuroraCondensedBT
FamilyName:Aurora Condensed BT
StyleName:Regular
MenuName:Aurora Condensed BT
StyleBits:0
WeightClass:400
WidthClass:5
AngleClass:0
FullName:Aurora Condensed BT
WritingScript:Roman
OutlineFileName:\PressWriter.suit
DataFormat:sfntResource
ResourceID:1514
FileLength:5884953
FileModTime:970559346
%EndFont

%BeginFont
Handler:DirectoryHandler
FontType:TrueType
FontName:BroadwayBT
FamilyName:Broadway
StyleName: BT
MenuName:Broadway
StyleBits:0
WeightClass:400
WidthClass:5
AngleClass:0
FullName:Broadway  BT
WritingScript:Roman
OutlineFileName:\PressWriter.suit
DataFormat:sfntResource
ResourceID:1706
FileLength:5884953
FileModTime:970559346
%EndFont

%BeginFont
Handler:DirectoryHandler
FontType:TrueType
FontName:Sedona
FamilyName:Sedona
StyleName:Regular
MenuName:Sedona
StyleBits:0
WeightClass:400
WidthClass:5
AngleClass:0
FullName:Sedona
WritingScript:Roman
OutlineFileName:\PressWriter.suit
DataFormat:sfntResource
ResourceID:1233
FileLength:5884953
FileModTime:970559346
%EndFont

%BeginFont
Handler:DirectoryHandler
FontType:TrueType
FontName:ZapfHumanist601BoldBT
FamilyName:Zapf Humanist 601 Bold BT
StyleName:Regular
MenuName:Zapf Humanist 601 Bold BT
StyleBits:0
WeightClass:400
WidthClass:5
AngleClass:0
FullName:Zapf Humanist 601 Bold BT
WritingScript:Roman
OutlineFileName:\PressWriter.suit
DataFormat:sfntResource
ResourceID:2163
FileLength:5884953
FileModTime:970559346
%EndFont

%BeginFont
Handler:DirectoryHandler
FontType:TrueType
FontName:CenturySchoolbookBdItalBT
FamilyName:Century Schoolbook Bd Ital BT
StyleName:Regular
MenuName:Century Schoolbook Bd Ital BT
StyleBits:0
WeightClass:400
WidthClass:5
AngleClass:0
FullName:Century Schoolbook Bd Ital BT
WritingScript:Roman
OutlineFileName:\PressWriter.suit
DataFormat:sfntResource
ResourceID:1957
FileLength:5884953
FileModTime:970559346
%EndFont

%BeginFont
Handler:DirectoryHandler
FontType:TrueType
FontName:ZapfHumanist601BT
FamilyName:Zapf Humanist 601 BT
StyleName:Regular
MenuName:Zapf Humanist 601 BT
StyleBits:0
WeightClass:400
WidthClass:5
AngleClass:0
FullName:Zapf Humanist 601 BT
WritingScript:Roman
OutlineFileName:\PressWriter.suit
DataFormat:sfntResource
ResourceID:1068
FileLength:5884953
FileModTime:970559346
%EndFont

%BeginFont
Handler:DirectoryHandler
FontType:TrueType
FontName:ZapfHumanist601ItalicBT
FamilyName:Zapf Humanist 601 Italic BT
StyleName:Regular
MenuName:Zapf Humanist 601 Italic BT
StyleBits:0
WeightClass:400
WidthClass:5
AngleClass:0
FullName:Zapf Humanist 601 Italic BT
WritingScript:Roman
OutlineFileName:\PressWriter.suit
DataFormat:sfntResource
ResourceID:1640
FileLength:5884953
FileModTime:970559346
%EndFont

%BeginFont
Handler:DirectoryHandler
FontType:TrueType
FontName:GeometricSlabserif703ExBdBT
FamilyName:Geometric Slabserif 703 ExBd BT
StyleName:Regular
MenuName:Geometric Slabserif 703 ExBd BT
StyleBits:0
WeightClass:400
WidthClass:5
AngleClass:0
FullName:Geometric Slabserif 703 ExBd BT
WritingScript:Roman
OutlineFileName:\PressWriter.suit
DataFormat:sfntResource
ResourceID:2143
FileLength:5884953
FileModTime:970559346
%EndFont

%BeginFont
Handler:DirectoryHandler
FontType:TrueType
FontName:GeometricSlabserifLtItalBT
FamilyName:Geometric Slabserif Lt Ital BT
StyleName:Regular
MenuName:Geometric Slabserif Lt Ital BT
StyleBits:0
WeightClass:400
WidthClass:5
AngleClass:0
FullName:Geometric Slabserif Lt Ital BT
WritingScript:Roman
OutlineFileName:\PressWriter.suit
DataFormat:sfntResource
ResourceID:1931
FileLength:5884953
FileModTime:970559346
%EndFont

%BeginFont
Handler:DirectoryHandler
FontType:TrueType
FontName:PressWriterSymbols
FamilyName:PressWriter Symbols
StyleName:Regular
MenuName:PressWriter Symbols
StyleBits:0
WeightClass:400
WidthClass:5
AngleClass:0
FullName:PressWriter Symbols
WritingScript:Roman
OutlineFileName:\PressWriter.suit
DataFormat:sfntResource
ResourceID:1839
FileLength:5884953
FileModTime:970559346
%EndFont

%BeginFont
Handler:DirectoryHandler
FontType:Suitcase
FontName:AmazoneBT
OutlineFileName:\PressWriter.suit
ResourceID:2786
MacStyle:0
FileLength:5884953
FileModTime:970559346
%EndFont

%BeginFont
Handler:DirectoryHandler
FontType:Suitcase
FontName:AmericanaBoldBT
OutlineFileName:\PressWriter.suit
ResourceID:2381
MacStyle:0
FileLength:5884953
FileModTime:970559346
%EndFont

%BeginFont
Handler:DirectoryHandler
FontType:Suitcase
FontName:AmericanaBT
OutlineFileName:\PressWriter.suit
ResourceID:1345
MacStyle:0
FileLength:5884953
FileModTime:970559346
%EndFont

%BeginFont
Handler:DirectoryHandler
FontType:Suitcase
FontName:AmericanaItalicBT
OutlineFileName:\PressWriter.suit
ResourceID:1862
MacStyle:0
FileLength:5884953
FileModTime:970559346
%EndFont

%BeginFont
Handler:DirectoryHandler
FontType:Suitcase
FontName:BauerBodoniBoldBT
OutlineFileName:\PressWriter.suit
ResourceID:1841
MacStyle:0
FileLength:5884953
FileModTime:970559346
%EndFont

%BeginFont
Handler:DirectoryHandler
FontType:Suitcase
FontName:BauerBodoniBoldItalicBT
OutlineFileName:\PressWriter.suit
ResourceID:2351
MacStyle:0
FileLength:5884953
FileModTime:970559346
%EndFont

%BeginFont
Handler:DirectoryHandler
FontType:Suitcase
FontName:BauerBodoniBT
OutlineFileName:\PressWriter.suit
ResourceID:2859
MacStyle:0
FileLength:5884953
FileModTime:970559346
%EndFont

%BeginFont
Handler:DirectoryHandler
FontType:Suitcase
FontName:BauerBodoniItalicBT
OutlineFileName:\PressWriter.suit
ResourceID:1310
MacStyle:0
FileLength:5884953
FileModTime:970559346
%EndFont

%BeginFont
Handler:DirectoryHandler
FontType:Suitcase
FontName:BellGothicBlackBT
OutlineFileName:\PressWriter.suit
ResourceID:1141
MacStyle:0
FileLength:5884953
FileModTime:970559346
%EndFont

%BeginFont
Handler:DirectoryHandler
FontType:Suitcase
FontName:BellGothicBoldBT
OutlineFileName:\PressWriter.suit
ResourceID:2748
MacStyle:0
FileLength:5884953
FileModTime:970559346
%EndFont

%BeginFont
Handler:DirectoryHandler
FontType:Suitcase
FontName:BellGothicBT
OutlineFileName:\PressWriter.suit
ResourceID:1333
MacStyle:0
FileLength:5884953
FileModTime:970559346
%EndFont

%BeginFont
Handler:DirectoryHandler
FontType:Suitcase
FontName:BernhardModernBoldBT
OutlineFileName:\PressWriter.suit
ResourceID:1921
MacStyle:0
FileLength:5884953
FileModTime:970559346
%EndFont

%BeginFont
Handler:DirectoryHandler
FontType:Suitcase
FontName:BernhardModernBoldItalicBT
OutlineFileName:\PressWriter.suit
ResourceID:2508
MacStyle:0
FileLength:5884953
FileModTime:970559346
%EndFont

%BeginFont
Handler:DirectoryHandler
FontType:Suitcase
FontName:BernhardModernBT
OutlineFileName:\PressWriter.suit
ResourceID:1391
MacStyle:0
FileLength:5884953
FileModTime:970559346
%EndFont

%BeginFont
Handler:DirectoryHandler
FontType:Suitcase
FontName:BernhardModernItalicBT
OutlineFileName:\PressWriter.suit
ResourceID:1353
MacStyle:0
FileLength:5884953
FileModTime:970559346
%EndFont

%BeginFont
Handler:DirectoryHandler
FontType:Suitcase
FontName:Caesar
OutlineFileName:\PressWriter.suit
ResourceID:2674
MacStyle:0
FileLength:5884953
FileModTime:970559346
%EndFont

%BeginFont
Handler:DirectoryHandler
FontType:Suitcase
FontName:CaslonOldFaceBT
OutlineFileName:\PressWriter.suit
ResourceID:1301
MacStyle:0
FileLength:5884953
FileModTime:970559346
%EndFont

%BeginFont
Handler:DirectoryHandler
FontType:Suitcase
FontName:CaslonOldFaceHeavyBT
OutlineFileName:\PressWriter.suit
ResourceID:2869
MacStyle:0
FileLength:5884953
FileModTime:970559346
%EndFont

%BeginFont
Handler:DirectoryHandler
FontType:Suitcase
FontName:CaslonOldFaceItalicBT
OutlineFileName:\PressWriter.suit
ResourceID:1829
MacStyle:0
FileLength:5884953
FileModTime:970559346
%EndFont

%BeginFont
Handler:DirectoryHandler
FontType:Suitcase
FontName:CenturySchoolbookBoldBT
OutlineFileName:\PressWriter.suit
ResourceID:1726
MacStyle:0
FileLength:5884953
FileModTime:970559346
%EndFont

%BeginFont
Handler:DirectoryHandler
FontType:Suitcase
FontName:CenturySchoolbookBT
OutlineFileName:\PressWriter.suit
ResourceID:2699
MacStyle:0
FileLength:5884953
FileModTime:970559346
%EndFont

%BeginFont
Handler:DirectoryHandler
FontType:Suitcase
FontName:CenturySchoolbookItalicBT
OutlineFileName:\PressWriter.suit
ResourceID:1184
MacStyle:0
FileLength:5884953
FileModTime:970559346
%EndFont

%BeginFont
Handler:DirectoryHandler
FontType:Suitcase
FontName:CheltenhamBoldBT
OutlineFileName:\PressWriter.suit
ResourceID:3054
MacStyle:0
FileLength:5884953
FileModTime:970559346
%EndFont

%BeginFont
Handler:DirectoryHandler
FontType:Suitcase
FontName:CheltenhamBoldItalicBT
OutlineFileName:\PressWriter.suit
ResourceID:2844
MacStyle:0
FileLength:5884953
FileModTime:970559346
%EndFont

%BeginFont
Handler:DirectoryHandler
FontType:Suitcase
FontName:CheltenhamBT
OutlineFileName:\PressWriter.suit
ResourceID:1984
MacStyle:0
FileLength:5884953
FileModTime:970559346
%EndFont

%BeginFont
Handler:DirectoryHandler
FontType:Suitcase
FontName:CheltenhamItalicBT
OutlineFileName:\PressWriter.suit
ResourceID:1024
MacStyle:0
FileLength:5884953
FileModTime:970559346
%EndFont

%BeginFont
Handler:DirectoryHandler
FontType:Suitcase
FontName:CloisterBlackBT
OutlineFileName:\PressWriter.suit
ResourceID:1847
MacStyle:0
FileLength:5884953
FileModTime:970559346
%EndFont

%BeginFont
Handler:DirectoryHandler
FontType:Suitcase
FontName:ContinuumBold
OutlineFileName:\PressWriter.suit
ResourceID:2425
MacStyle:0
FileLength:5884953
FileModTime:970559346
%EndFont

%BeginFont
Handler:DirectoryHandler
FontType:Suitcase
FontName:ContinuumLight
OutlineFileName:\PressWriter.suit
ResourceID:1793
MacStyle:0
FileLength:5884953
FileModTime:970559346
%EndFont

%BeginFont
Handler:DirectoryHandler
FontType:Suitcase
FontName:ContinuumMedium
OutlineFileName:\PressWriter.suit
ResourceID:1416
MacStyle:0
FileLength:5884953
FileModTime:970559346
%EndFont

%BeginFont
Handler:DirectoryHandler
FontType:Suitcase
FontName:CooperBlackBT
OutlineFileName:\PressWriter.suit
ResourceID:1759
MacStyle:0
FileLength:5884953
FileModTime:970559346
%EndFont

%BeginFont
Handler:DirectoryHandler
FontType:Suitcase
FontName:CooperBoldItalicBT
OutlineFileName:\PressWriter.suit
ResourceID:2861
MacStyle:0
FileLength:5884953
FileModTime:970559346
%EndFont

%BeginFont
Handler:DirectoryHandler
FontType:Suitcase
FontName:CooperLightBT
OutlineFileName:\PressWriter.suit
ResourceID:1106
MacStyle:0
FileLength:5884953
FileModTime:970559346
%EndFont

%BeginFont
Handler:DirectoryHandler
FontType:Suitcase
FontName:CooperLightItalicBT
OutlineFileName:\PressWriter.suit
ResourceID:1679
MacStyle:0
FileLength:5884953
FileModTime:970559346
%EndFont

%BeginFont
Handler:DirectoryHandler
FontType:Suitcase
FontName:CopperplateGothicBoldBT
OutlineFileName:\PressWriter.suit
ResourceID:2379
MacStyle:0
FileLength:5884953
FileModTime:970559346
%EndFont

%BeginFont
Handler:DirectoryHandler
FontType:Suitcase
FontName:CopperplateGothicCondensedBT
OutlineFileName:\PressWriter.suit
ResourceID:2881
MacStyle:0
FileLength:5884953
FileModTime:970559346
%EndFont

%BeginFont
Handler:DirectoryHandler
FontType:Suitcase
FontName:DomBoldBT
OutlineFileName:\PressWriter.suit
ResourceID:2401
MacStyle:0
FileLength:5884953
FileModTime:970559346
%EndFont

%BeginFont
Handler:DirectoryHandler
FontType:Suitcase
FontName:Exotic350BoldBT
OutlineFileName:\PressWriter.suit
ResourceID:1325
MacStyle:0
FileLength:5884953
FileModTime:970559346
%EndFont

%BeginFont
Handler:DirectoryHandler
FontType:Suitcase
FontName:Freeform721BlackBT
OutlineFileName:\PressWriter.suit
ResourceID:1962
MacStyle:0
FileLength:5884953
FileModTime:970559346
%EndFont

%BeginFont
Handler:DirectoryHandler
FontType:Suitcase
FontName:Geometric231BoldBT
OutlineFileName:\PressWriter.suit
ResourceID:2728
MacStyle:0
FileLength:5884953
FileModTime:970559346
%EndFont

%BeginFont
Handler:DirectoryHandler
FontType:Suitcase
FontName:Geometric231BT
OutlineFileName:\PressWriter.suit
ResourceID:2275
MacStyle:0
FileLength:5884953
FileModTime:970559346
%EndFont

%BeginFont
Handler:DirectoryHandler
FontType:Suitcase
FontName:Geometric231HeavyBT
OutlineFileName:\PressWriter.suit
ResourceID:1203
MacStyle:0
FileLength:5884953
FileModTime:970559346
%EndFont

%BeginFont
Handler:DirectoryHandler
FontType:Suitcase
FontName:Geometric231LightBT
OutlineFileName:\PressWriter.suit
ResourceID:1815
MacStyle:0
FileLength:5884953
FileModTime:970559346
%EndFont

%BeginFont
Handler:DirectoryHandler
FontType:Suitcase
FontName:GoudyOldStyleBoldBT
OutlineFileName:\PressWriter.suit
ResourceID:2255
MacStyle:0
FileLength:5884953
FileModTime:970559346
%EndFont

%BeginFont
Handler:DirectoryHandler
FontType:Suitcase
FontName:GoudyOldStyleBoldItalicBT
OutlineFileName:\PressWriter.suit
ResourceID:2845
MacStyle:0
FileLength:5884953
FileModTime:970559346
%EndFont

%BeginFont
Handler:DirectoryHandler
FontType:Suitcase
FontName:GoudyOldStyleBT
OutlineFileName:\PressWriter.suit
ResourceID:1076
MacStyle:0
FileLength:5884953
FileModTime:970559346
%EndFont

%BeginFont
Handler:DirectoryHandler
FontType:Suitcase
FontName:GoudyOldStyleItalicBT
OutlineFileName:\PressWriter.suit
ResourceID:1672
MacStyle:0
FileLength:5884953
FileModTime:970559346
%EndFont

%BeginFont
Handler:DirectoryHandler
FontType:Suitcase
FontName:ImpressBT
OutlineFileName:\PressWriter.suit
ResourceID:2787
MacStyle:0
FileLength:5884953
FileModTime:970559346
%EndFont

%BeginFont
Handler:DirectoryHandler
FontType:Suitcase
FontName:Incised901BlackBT
OutlineFileName:\PressWriter.suit
ResourceID:1942
MacStyle:0
FileLength:5884953
FileModTime:970559346
%EndFont

%BeginFont
Handler:DirectoryHandler
FontType:Suitcase
FontName:Incised901BoldBT
OutlineFileName:\PressWriter.suit
ResourceID:1526
MacStyle:0
FileLength:5884953
FileModTime:970559346
%EndFont

%BeginFont
Handler:DirectoryHandler
FontType:Suitcase
FontName:Incised901BT
OutlineFileName:\PressWriter.suit
ResourceID:2915
MacStyle:0
FileLength:5884953
FileModTime:970559346
%EndFont

%BeginFont
Handler:DirectoryHandler
FontType:Suitcase
FontName:Incised901ItalicBT
OutlineFileName:\PressWriter.suit
ResourceID:1308
MacStyle:0
FileLength:5884953
FileModTime:970559346
%EndFont

%BeginFont
Handler:DirectoryHandler
FontType:Suitcase
FontName:Incised901LightBT
OutlineFileName:\PressWriter.suit
ResourceID:2482
MacStyle:0
FileLength:5884953
FileModTime:970559346
%EndFont

%BeginFont
Handler:DirectoryHandler
FontType:Suitcase
FontName:Informal011BT
OutlineFileName:\PressWriter.suit
ResourceID:1326
MacStyle:0
FileLength:5884953
FileModTime:970559346
%EndFont

%BeginFont
Handler:DirectoryHandler
FontType:Suitcase
FontName:Intrepid
OutlineFileName:\PressWriter.suit
ResourceID:11073
MacStyle:0
FileLength:5884953
FileModTime:970559346
%EndFont

%BeginFont
Handler:DirectoryHandler
FontType:Suitcase
FontName:IntrepidBold
OutlineFileName:\PressWriter.suit
ResourceID:1687
MacStyle:0
FileLength:5884953
FileModTime:970559346
%EndFont

%BeginFont
Handler:DirectoryHandler
FontType:Suitcase
FontName:IntrepidExtraBold
OutlineFileName:\PressWriter.suit
ResourceID:1073
MacStyle:0
FileLength:5884953
FileModTime:970559346
%EndFont

%BeginFont
Handler:DirectoryHandler
FontType:Suitcase
FontName:IntrepidItalic
OutlineFileName:\PressWriter.suit
ResourceID:2539
MacStyle:0
FileLength:5884953
FileModTime:970559346
%EndFont

%BeginFont
Handler:DirectoryHandler
FontType:Suitcase
FontName:KaufmannBoldBT
OutlineFileName:\PressWriter.suit
ResourceID:2884
MacStyle:0
FileLength:5884953
FileModTime:970559346
%EndFont

%BeginFont
Handler:DirectoryHandler
FontType:Suitcase
FontName:KaufmannBT
OutlineFileName:\PressWriter.suit
ResourceID:2364
MacStyle:0
FileLength:5884953
FileModTime:970559346
%EndFont

%BeginFont
Handler:DirectoryHandler
FontType:Suitcase
FontName:LydianBoldBT
OutlineFileName:\PressWriter.suit
ResourceID:2060
MacStyle:0
FileLength:5884953
FileModTime:970559346
%EndFont

%BeginFont
Handler:DirectoryHandler
FontType:Suitcase
FontName:LydianBoldItalicBT
OutlineFileName:\PressWriter.suit
ResourceID:2551
MacStyle:0
FileLength:5884953
FileModTime:970559346
%EndFont

%BeginFont
Handler:DirectoryHandler
FontType:Suitcase
FontName:LydianBT
OutlineFileName:\PressWriter.suit
ResourceID:1027
MacStyle:0
FileLength:5884953
FileModTime:970559346
%EndFont

%BeginFont
Handler:DirectoryHandler
FontType:Suitcase
FontName:LydianItalicBT
OutlineFileName:\PressWriter.suit
ResourceID:1536
MacStyle:0
FileLength:5884953
FileModTime:970559346
%EndFont

%BeginFont
Handler:DirectoryHandler
FontType:Suitcase
FontName:Market
OutlineFileName:\PressWriter.suit
ResourceID:8483
MacStyle:0
FileLength:5884953
FileModTime:970559346
%EndFont

%BeginFont
Handler:DirectoryHandler
FontType:Suitcase
FontName:NewZurica
OutlineFileName:\PressWriter.suit
ResourceID:4788
MacStyle:0
FileLength:5884953
FileModTime:970559346
%EndFont

%BeginFont
Handler:DirectoryHandler
FontType:Suitcase
FontName:NewZuricaBold
OutlineFileName:\PressWriter.suit
ResourceID:5466
MacStyle:0
FileLength:5884953
FileModTime:970559346
%EndFont

%BeginFont
Handler:DirectoryHandler
FontType:Suitcase
FontName:NewZuricaOblique
OutlineFileName:\PressWriter.suit
ResourceID:8516
MacStyle:0
FileLength:5884953
FileModTime:970559346
%EndFont

%BeginFont
Handler:DirectoryHandler
FontType:Suitcase
FontName:OnyxBT
OutlineFileName:\PressWriter.suit
ResourceID:2907
MacStyle:0
FileLength:5884953
FileModTime:970559346
%EndFont

%BeginFont
Handler:DirectoryHandler
FontType:Suitcase
FontName:Percival
OutlineFileName:\PressWriter.suit
ResourceID:2245
MacStyle:0
FileLength:5884953
FileModTime:970559346
%EndFont

%BeginFont
Handler:DirectoryHandler
FontType:Suitcase
FontName:PlaybillBT
OutlineFileName:\PressWriter.suit
ResourceID:15294
MacStyle:0
FileLength:5884953
FileModTime:970559346
%EndFont

%BeginFont
Handler:DirectoryHandler
FontType:Suitcase
FontName:Rockstone
OutlineFileName:\PressWriter.suit
ResourceID:2086
MacStyle:0
FileLength:5884953
FileModTime:970559346
%EndFont

%BeginFont
Handler:DirectoryHandler
FontType:Suitcase
FontName:Scratch
OutlineFileName:\PressWriter.suit
ResourceID:2434
MacStyle:0
FileLength:5884953
FileModTime:970559346
%EndFont

%BeginFont
Handler:DirectoryHandler
FontType:Suitcase
FontName:SnellBoldBT
OutlineFileName:\PressWriter.suit
ResourceID:2206
MacStyle:0
FileLength:5884953
FileModTime:970559346
%EndFont

%BeginFont
Handler:DirectoryHandler
FontType:Suitcase
FontName:Sniff
OutlineFileName:\PressWriter.suit
ResourceID:2092
MacStyle:0
FileLength:5884953
FileModTime:970559346
%EndFont

%BeginFont
Handler:DirectoryHandler
FontType:Suitcase
FontName:SniffBold
OutlineFileName:\PressWriter.suit
ResourceID:1696
MacStyle:0
FileLength:5884953
FileModTime:970559346
%EndFont

%BeginFont
Handler:DirectoryHandler
FontType:Suitcase
FontName:SniffItalic
OutlineFileName:\PressWriter.suit
ResourceID:2498
MacStyle:0
FileLength:5884953
FileModTime:970559346
%EndFont

%BeginFont
Handler:DirectoryHandler
FontType:Suitcase
FontName:Socket
OutlineFileName:\PressWriter.suit
ResourceID:1570
MacStyle:0
FileLength:5884953
FileModTime:970559346
%EndFont

%BeginFont
Handler:DirectoryHandler
FontType:Suitcase
FontName:StageCoach
OutlineFileName:\PressWriter.suit
ResourceID:8402
MacStyle:0
FileLength:5884953
FileModTime:970559346
%EndFont

%BeginFont
Handler:DirectoryHandler
FontType:Suitcase
FontName:Swiss721BoldExtendedBT
OutlineFileName:\PressWriter.suit
ResourceID:2033
MacStyle:0
FileLength:5884953
FileModTime:970559346
%EndFont

%BeginFont
Handler:DirectoryHandler
FontType:Suitcase
FontName:Swiss721ExtendedBT
OutlineFileName:\PressWriter.suit
ResourceID:1589
MacStyle:0
FileLength:5884953
FileModTime:970559346
%EndFont

%BeginFont
Handler:DirectoryHandler
FontType:Suitcase
FontName:Tribune
OutlineFileName:\PressWriter.suit
ResourceID:8709
MacStyle:0
FileLength:5884953
FileModTime:970559346
%EndFont

%BeginFont
Handler:DirectoryHandler
FontType:Suitcase
FontName:Tribune-Bold
OutlineFileName:\PressWriter.suit
ResourceID:2190
MacStyle:0
FileLength:5884953
FileModTime:970559346
%EndFont

%BeginFont
Handler:DirectoryHandler
FontType:Suitcase
FontName:Tribune-Italic
OutlineFileName:\PressWriter.suit
ResourceID:1565
MacStyle:0
FileLength:5884953
FileModTime:970559346
%EndFont

%BeginFont
Handler:DirectoryHandler
FontType:Suitcase
FontName:Tristan
OutlineFileName:\PressWriter.suit
ResourceID:8489
MacStyle:0
FileLength:5884953
FileModTime:970559346
%EndFont

%BeginFont
Handler:DirectoryHandler
FontType:Suitcase
FontName:TypoUprightBT
OutlineFileName:\PressWriter.suit
ResourceID:1376
MacStyle:0
FileLength:5884953
FileModTime:970559346
%EndFont

%BeginFont
Handler:DirectoryHandler
FontType:Suitcase
FontName:UniversityRomanBoldBT
OutlineFileName:\PressWriter.suit
ResourceID:1393
MacStyle:0
FileLength:5884953
FileModTime:970559346
%EndFont

%BeginFont
Handler:DirectoryHandler
FontType:Suitcase
FontName:UniversityRomanBT
OutlineFileName:\PressWriter.suit
ResourceID:2938
MacStyle:0
FileLength:5884953
FileModTime:970559346
%EndFont

%BeginFont
Handler:DirectoryHandler
FontType:Suitcase
FontName:VAGRoundedBT
OutlineFileName:\PressWriter.suit
ResourceID:1354
MacStyle:0
FileLength:5884953
FileModTime:970559346
%EndFont

%BeginFont
Handler:DirectoryHandler
FontType:Suitcase
FontName:Willow
OutlineFileName:\PressWriter.suit
ResourceID:2298
MacStyle:0
FileLength:5884953
FileModTime:970559346
%EndFont

%BeginFont
Handler:DirectoryHandler
FontType:Suitcase
FontName:WindsorBT
OutlineFileName:\PressWriter.suit
ResourceID:15983
MacStyle:0
FileLength:5884953
FileModTime:970559346
%EndFont

%BeginFont
Handler:DirectoryHandler
FontType:Suitcase
FontName:WindsorElongatedBT
OutlineFileName:\PressWriter.suit
ResourceID:1026
MacStyle:0
FileLength:5884953
FileModTime:970559346
%EndFont

%BeginFont
Handler:DirectoryHandler
FontType:Suitcase
FontName:WindsorLightBT
OutlineFileName:\PressWriter.suit
ResourceID:2838
MacStyle:0
FileLength:5884953
FileModTime:970559346
%EndFont

%BeginFont
Handler:DirectoryHandler
FontType:Suitcase
FontName:WindsorLightCondensedBT
OutlineFileName:\PressWriter.suit
ResourceID:1882
MacStyle:0
FileLength:5884953
FileModTime:970559346
%EndFont

%BeginFont
Handler:DirectoryHandler
FontType:Suitcase
FontName:GeometricSlabserifLightBT
OutlineFileName:\PressWriter.suit
ResourceID:1107
MacStyle:0
FileLength:5884953
FileModTime:970559346
%EndFont

%BeginFont
Handler:DirectoryHandler
FontType:Suitcase
FontName:CooperBoldBT
OutlineFileName:\PressWriter.suit
ResourceID:1821
MacStyle:0
FileLength:5884953
FileModTime:970559346
%EndFont

%BeginFont
Handler:DirectoryHandler
FontType:Suitcase
FontName:AuroraCondensedBT
OutlineFileName:\PressWriter.suit
ResourceID:1514
MacStyle:0
FileLength:5884953
FileModTime:970559346
%EndFont

%BeginFont
Handler:DirectoryHandler
FontType:Suitcase
FontName:BroadwayBT
OutlineFileName:\PressWriter.suit
ResourceID:1706
MacStyle:0
FileLength:5884953
FileModTime:970559346
%EndFont

%BeginFont
Handler:DirectoryHandler
FontType:Suitcase
FontName:Sedona
OutlineFileName:\PressWriter.suit
ResourceID:1233
MacStyle:0
FileLength:5884953
FileModTime:970559346
%EndFont

%BeginFont
Handler:DirectoryHandler
FontType:Suitcase
FontName:ZapfHumanist601BoldBT
OutlineFileName:\PressWriter.suit
ResourceID:2876
MacStyle:0
FileLength:5884953
FileModTime:970559346
%EndFont

%BeginFont
Handler:DirectoryHandler
FontType:Suitcase
FontName:CenturySchoolbookBdItalBT
OutlineFileName:\PressWriter.suit
ResourceID:1957
MacStyle:0
FileLength:5884953
FileModTime:970559346
%EndFont

%BeginFont
Handler:DirectoryHandler
FontType:Suitcase
FontName:ZapfHumanist601BT
OutlineFileName:\PressWriter.suit
ResourceID:2730
MacStyle:0
FileLength:5884953
FileModTime:970559346
%EndFont

%BeginFont
Handler:DirectoryHandler
FontType:Suitcase
FontName:ZapfHumanist601ItalicBT
OutlineFileName:\PressWriter.suit
ResourceID:1544
MacStyle:0
FileLength:5884953
FileModTime:970559346
%EndFont

%BeginFont
Handler:DirectoryHandler
FontType:Suitcase
FontName:GeometricSlabserif703ExBdBT
OutlineFileName:\PressWriter.suit
ResourceID:2143
MacStyle:0
FileLength:5884953
FileModTime:970559346
%EndFont

%BeginFont
Handler:DirectoryHandler
FontType:Suitcase
FontName:GeometricSlabserifLtItalBT
OutlineFileName:\PressWriter.suit
ResourceID:1931
MacStyle:0
FileLength:5884953
FileModTime:970559346
%EndFont

%BeginFont
Handler:DirectoryHandler
FontType:Suitcase
FontName:PressWriterSymbols
OutlineFileName:\PressWriter.suit
ResourceID:1839
MacStyle:0
FileLength:5884953
FileModTime:970559346
%EndFont

